// Jest Snapshot v1, https://goo.gl/fbAQLP

exports[`<Companies /> renders list of company links 1`] = `
<Fragment>
  <div
    className="company-title"
  >
    Your companies
  </div>
  <Connect(CompanyLink)
    id={1}
    key="1"
    name="Dummy company"
  />
  <Connect(CompanyLink)
    id={2}
    key="2"
    name="Smarty company"
  />
</Fragment>
`;
