// Jest Snapshot v1, https://goo.gl/fbAQLP

exports[`<DropdownLink /> renders link 1`] = `
<div
  className="nav__link"
>
  <div
    className="nav__link-text-wrapper"
  >
    <div
      className="nav__link-text"
    >
      Elon Musk
    </div>
    <div
      className="nav__link-subtext"
    >
      Viljatootja AS
    </div>
  </div>
  <i
    className="material-icons-outlined nav__link-icon"
  >
    settings
  </i>
</div>
`;
